2025-12-15 11:59:26,804 INFO  Logger.cs: 70 - 
--------------------------------------------------------------------------------
2025-12-15 11:59:26,828 INFO  Logger.cs: 71 - Logging commencing for SW2URDF exporter
2025-12-15 11:59:26,830 INFO  Logger.cs: 73 - Commit version 1.6.0-4-g7f85cfe
2025-12-15 11:59:26,830 INFO  Logger.cs: 74 - Build version 1.6.7995.38578
2025-12-15 11:59:26,832 INFO  SwAddin.cs: 192 - Attempting to connect to SW
2025-12-15 11:59:26,833 INFO  SwAddin.cs: 197 - Setting up callbacks
2025-12-15 11:59:26,834 INFO  SwAddin.cs: 201 - Setting up command manager
2025-12-15 11:59:26,835 INFO  SwAddin.cs: 204 - Adding command manager
2025-12-15 11:59:26,837 INFO  SwAddin.cs: 263 - Adding Assembly export to file menu
2025-12-15 11:59:26,838 INFO  SwAddin.cs: 272 - Adding Part export to file menu
2025-12-15 11:59:26,838 INFO  SwAddin.cs: 210 - Adding event handlers
2025-12-15 11:59:26,842 INFO  SwAddin.cs: 217 - Connecting plugin to SolidWorks
2025-12-15 13:56:36,370 INFO  SwAddin.cs: 294 - Assembly export called for file nipper_sarthak_gazebo.SLDASM
2025-12-15 13:56:42,313 INFO  SwAddin.cs: 313 - Saving assembly
2025-12-15 13:56:42,426 INFO  SwAddin.cs: 316 - Opening property manager
2025-12-15 13:56:42,451 INFO  ExportHelperExtension.cs: 1125 - Retrieving features of type [CoordSys] from nipper_sarthak_gazebo.SLDASM
2025-12-15 13:56:42,456 INFO  ExportHelperExtension.cs: 1136 - Found 24 in nipper_sarthak_gazebo.SLDASM
2025-12-15 13:56:42,456 INFO  ExportHelperExtension.cs: 1145 - Found 0 features of type [CoordSys] in nipper_sarthak_gazebo.SLDASM
2025-12-15 13:56:42,457 INFO  ExportHelperExtension.cs: 1148 - Proceeding through assembly components
2025-12-15 13:56:42,458 INFO  ExportHelperExtension.cs: 1160 - 1 components to check
2025-12-15 13:56:42,459 INFO  ExportHelperExtension.cs: 1125 - Retrieving features of type [CoordSys] from nipper_sarthak_gazebo-1
2025-12-15 13:56:42,460 INFO  ExportHelperExtension.cs: 1136 - Found 53 in nipper_sarthak_gazebo-1
2025-12-15 13:56:42,460 INFO  ExportHelperExtension.cs: 1145 - Found 0 features of type [CoordSys] in nipper_sarthak_gazebo-1
2025-12-15 13:56:42,461 INFO  ExportHelperExtension.cs: 1125 - Retrieving features of type [RefAxis] from nipper_sarthak_gazebo.SLDASM
2025-12-15 13:56:42,462 INFO  ExportHelperExtension.cs: 1136 - Found 24 in nipper_sarthak_gazebo.SLDASM
2025-12-15 13:56:42,462 INFO  ExportHelperExtension.cs: 1145 - Found 0 features of type [RefAxis] in nipper_sarthak_gazebo.SLDASM
2025-12-15 13:56:42,462 INFO  ExportHelperExtension.cs: 1148 - Proceeding through assembly components
2025-12-15 13:56:42,463 INFO  ExportHelperExtension.cs: 1160 - 1 components to check
2025-12-15 13:56:42,463 INFO  ExportHelperExtension.cs: 1125 - Retrieving features of type [RefAxis] from nipper_sarthak_gazebo-1
2025-12-15 13:56:42,463 INFO  ExportHelperExtension.cs: 1136 - Found 53 in nipper_sarthak_gazebo-1
2025-12-15 13:56:42,464 INFO  ExportHelperExtension.cs: 1145 - Found 0 features of type [RefAxis] in nipper_sarthak_gazebo-1
2025-12-15 13:56:42,693 INFO  SwAddin.cs: 339 - Loading config tree
2025-12-15 13:56:42,697 INFO  ExportPropertyManagerExtension.cs: 520 - Starting new configuration
2025-12-15 13:56:42,702 INFO  SwAddin.cs: 344 - Showing property manager
2025-12-15 13:57:24,380 INFO  ExportPropertyManager.cs: 422 - Configuration saved
2025-12-15 13:57:24,498 INFO  ExportPropertyManager.cs: 1142 - AfterClose called. This method no longer throws an Exception. It just silently does nothing. Ok, except for this logging message
2025-12-15 13:57:42,513 INFO  SwAddin.cs: 294 - Assembly export called for file nipper_sarthak_gazebo.SLDASM
2025-12-15 13:57:42,513 INFO  SwAddin.cs: 299 - Save is required
2025-12-15 13:57:42,513 INFO  SwAddin.cs: 313 - Saving assembly
2025-12-15 13:57:42,770 INFO  SwAddin.cs: 316 - Opening property manager
2025-12-15 13:57:42,771 INFO  ExportHelperExtension.cs: 1125 - Retrieving features of type [CoordSys] from nipper_sarthak_gazebo.SLDASM
2025-12-15 13:57:42,772 INFO  ExportHelperExtension.cs: 1136 - Found 24 in nipper_sarthak_gazebo.SLDASM
2025-12-15 13:57:42,772 INFO  ExportHelperExtension.cs: 1145 - Found 0 features of type [CoordSys] in nipper_sarthak_gazebo.SLDASM
2025-12-15 13:57:42,773 INFO  ExportHelperExtension.cs: 1148 - Proceeding through assembly components
2025-12-15 13:57:42,773 INFO  ExportHelperExtension.cs: 1160 - 1 components to check
2025-12-15 13:57:42,774 INFO  ExportHelperExtension.cs: 1125 - Retrieving features of type [CoordSys] from nipper_sarthak_gazebo-1
2025-12-15 13:57:42,774 INFO  ExportHelperExtension.cs: 1136 - Found 53 in nipper_sarthak_gazebo-1
2025-12-15 13:57:42,775 INFO  ExportHelperExtension.cs: 1145 - Found 0 features of type [CoordSys] in nipper_sarthak_gazebo-1
2025-12-15 13:57:42,776 INFO  ExportHelperExtension.cs: 1125 - Retrieving features of type [RefAxis] from nipper_sarthak_gazebo.SLDASM
2025-12-15 13:57:42,776 INFO  ExportHelperExtension.cs: 1136 - Found 24 in nipper_sarthak_gazebo.SLDASM
2025-12-15 13:57:42,776 INFO  ExportHelperExtension.cs: 1145 - Found 0 features of type [RefAxis] in nipper_sarthak_gazebo.SLDASM
2025-12-15 13:57:42,777 INFO  ExportHelperExtension.cs: 1148 - Proceeding through assembly components
2025-12-15 13:57:42,777 INFO  ExportHelperExtension.cs: 1160 - 1 components to check
2025-12-15 13:57:42,778 INFO  ExportHelperExtension.cs: 1125 - Retrieving features of type [RefAxis] from nipper_sarthak_gazebo-1
2025-12-15 13:57:42,778 INFO  ExportHelperExtension.cs: 1136 - Found 53 in nipper_sarthak_gazebo-1
2025-12-15 13:57:42,778 INFO  ExportHelperExtension.cs: 1145 - Found 0 features of type [RefAxis] in nipper_sarthak_gazebo-1
2025-12-15 13:57:42,967 INFO  SwAddin.cs: 339 - Loading config tree
2025-12-15 13:57:42,968 INFO  ExportPropertyManagerExtension.cs: 520 - Starting new configuration
2025-12-15 13:57:42,972 INFO  SwAddin.cs: 344 - Showing property manager
2025-12-15 13:58:05,082 INFO  ExportPropertyManager.cs: 422 - Configuration saved
2025-12-15 13:58:05,162 INFO  ExportPropertyManager.cs: 1142 - AfterClose called. This method no longer throws an Exception. It just silently does nothing. Ok, except for this logging message
2025-12-15 13:58:19,240 INFO  SwAddin.cs: 294 - Assembly export called for file nipper_sarthak_gazebo.SLDASM
2025-12-15 13:58:19,241 INFO  SwAddin.cs: 299 - Save is required
2025-12-15 13:58:19,241 INFO  SwAddin.cs: 313 - Saving assembly
2025-12-15 13:58:19,502 INFO  SwAddin.cs: 316 - Opening property manager
2025-12-15 13:58:19,503 INFO  ExportHelperExtension.cs: 1125 - Retrieving features of type [CoordSys] from nipper_sarthak_gazebo.SLDASM
2025-12-15 13:58:19,503 INFO  ExportHelperExtension.cs: 1136 - Found 24 in nipper_sarthak_gazebo.SLDASM
2025-12-15 13:58:19,504 INFO  ExportHelperExtension.cs: 1145 - Found 0 features of type [CoordSys] in nipper_sarthak_gazebo.SLDASM
2025-12-15 13:58:19,504 INFO  ExportHelperExtension.cs: 1148 - Proceeding through assembly components
2025-12-15 13:58:19,504 INFO  ExportHelperExtension.cs: 1160 - 1 components to check
2025-12-15 13:58:19,505 INFO  ExportHelperExtension.cs: 1125 - Retrieving features of type [CoordSys] from nipper_sarthak_gazebo-1
2025-12-15 13:58:19,505 INFO  ExportHelperExtension.cs: 1136 - Found 53 in nipper_sarthak_gazebo-1
2025-12-15 13:58:19,505 INFO  ExportHelperExtension.cs: 1145 - Found 0 features of type [CoordSys] in nipper_sarthak_gazebo-1
2025-12-15 13:58:19,506 INFO  ExportHelperExtension.cs: 1125 - Retrieving features of type [RefAxis] from nipper_sarthak_gazebo.SLDASM
2025-12-15 13:58:19,506 INFO  ExportHelperExtension.cs: 1136 - Found 24 in nipper_sarthak_gazebo.SLDASM
2025-12-15 13:58:19,507 INFO  ExportHelperExtension.cs: 1145 - Found 0 features of type [RefAxis] in nipper_sarthak_gazebo.SLDASM
2025-12-15 13:58:19,507 INFO  ExportHelperExtension.cs: 1148 - Proceeding through assembly components
2025-12-15 13:58:19,507 INFO  ExportHelperExtension.cs: 1160 - 1 components to check
2025-12-15 13:58:19,507 INFO  ExportHelperExtension.cs: 1125 - Retrieving features of type [RefAxis] from nipper_sarthak_gazebo-1
2025-12-15 13:58:19,508 INFO  ExportHelperExtension.cs: 1136 - Found 53 in nipper_sarthak_gazebo-1
2025-12-15 13:58:19,508 INFO  ExportHelperExtension.cs: 1145 - Found 0 features of type [RefAxis] in nipper_sarthak_gazebo-1
2025-12-15 13:58:19,672 INFO  SwAddin.cs: 339 - Loading config tree
2025-12-15 13:58:19,672 INFO  ExportPropertyManagerExtension.cs: 520 - Starting new configuration
2025-12-15 13:58:19,677 INFO  SwAddin.cs: 344 - Showing property manager
2025-12-15 13:58:24,987 INFO  ExportPropertyManager.cs: 422 - Configuration saved
2025-12-15 13:58:26,854 INFO  ExportHelperExtension.cs: 1125 - Retrieving features of type [CoordSys] from nipper_sarthak_gazebo.SLDASM
2025-12-15 13:58:26,861 INFO  ExportHelperExtension.cs: 1136 - Found 27 in nipper_sarthak_gazebo.SLDASM
2025-12-15 13:58:26,861 INFO  ExportHelperExtension.cs: 1145 - Found 1 features of type [CoordSys] in nipper_sarthak_gazebo.SLDASM
2025-12-15 13:58:26,861 INFO  ExportHelperExtension.cs: 1148 - Proceeding through assembly components
2025-12-15 13:58:26,862 INFO  ExportHelperExtension.cs: 1160 - 1 components to check
2025-12-15 13:58:26,862 INFO  ExportHelperExtension.cs: 1125 - Retrieving features of type [CoordSys] from nipper_sarthak_gazebo-1
2025-12-15 13:58:26,862 INFO  ExportHelperExtension.cs: 1136 - Found 53 in nipper_sarthak_gazebo-1
2025-12-15 13:58:26,863 INFO  ExportHelperExtension.cs: 1145 - Found 0 features of type [CoordSys] in nipper_sarthak_gazebo-1
2025-12-15 13:58:26,863 INFO  ExportHelperExtension.cs: 1125 - Retrieving features of type [RefAxis] from nipper_sarthak_gazebo.SLDASM
2025-12-15 13:58:26,864 INFO  ExportHelperExtension.cs: 1136 - Found 27 in nipper_sarthak_gazebo.SLDASM
2025-12-15 13:58:26,864 INFO  ExportHelperExtension.cs: 1145 - Found 0 features of type [RefAxis] in nipper_sarthak_gazebo.SLDASM
2025-12-15 13:58:26,864 INFO  ExportHelperExtension.cs: 1148 - Proceeding through assembly components
2025-12-15 13:58:26,864 INFO  ExportHelperExtension.cs: 1160 - 1 components to check
2025-12-15 13:58:26,865 INFO  ExportHelperExtension.cs: 1125 - Retrieving features of type [RefAxis] from nipper_sarthak_gazebo-1
2025-12-15 13:58:26,865 INFO  ExportHelperExtension.cs: 1136 - Found 53 in nipper_sarthak_gazebo-1
2025-12-15 13:58:26,870 INFO  ExportHelperExtension.cs: 1145 - Found 0 features of type [RefAxis] in nipper_sarthak_gazebo-1
2025-12-15 13:58:26,958 INFO  ExportPropertyManager.cs: 1142 - AfterClose called. This method no longer throws an Exception. It just silently does nothing. Ok, except for this logging message
2025-12-15 13:58:35,034 INFO  AssemblyExportForm.cs: 253 - Completing URDF export
2025-12-15 13:58:35,043 INFO  ConfigurationSerialization.cs: 276 - URDF Configuration found
<Link z:Id="i1" xmlns="http://schemas.datacontract.org/2004/07/SW2URDF" xmlns:i="http://www.w3.org/2001/XMLSchema-instance" xmlns:z="http://schemas.microsoft.com/2003/10/Serialization/"><Attributes><Attribute z:Id="i2"><AttributeType>name</AttributeType><IsRequired>true</IsRequired><Value i:type="a:string" xmlns:a="http://www.w3.org/2001/XMLSchema">base_link</Value></Attribute></Attributes><ChildElements><URDFElement z:Id="i3" i:type="Inertial"><Attributes/><ChildElements><URDFElement z:Id="i4" i:type="Origin"><Attributes><Attribute z:Id="i5"><AttributeType>xyz</AttributeType><IsRequired>true</IsRequired><Value i:type="a:ArrayOfdouble" xmlns:a="http://schemas.microsoft.com/2003/10/Serialization/Arrays"><a:double>0</a:double><a:double>0</a:double><a:double>0</a:double></Value></Attribute><Attribute z:Id="i6"><AttributeType>rpy</AttributeType><IsRequired>true</IsRequired><Value i:type="a:ArrayOfdouble" xmlns:a="http://schemas.microsoft.com/2003/10/Serialization/Arrays"><a:double>0</a:double><a:double>0</a:double><a:double>0</a:double></Value></Attribute></Attributes><ChildElements/><ElementName>origin</ElementName><required>false</required><RPYAttribute z:Ref="i6"/><XYZAttribute z:Ref="i5"/><isCustomized>false</isCustomized></URDFElement><URDFElement z:Id="i7" i:type="Mass"><Attributes><Attribute z:Id="i8"><AttributeType>value</AttributeType><IsRequired>true</IsRequired><Value i:type="a:double" xmlns:a="http://www.w3.org/2001/XMLSchema">0</Value></Attribute></Attributes><ChildElements/><ElementName>mass</ElementName><required>false</required><ValueAttribute z:Ref="i8"/></URDFElement><URDFElement z:Id="i9" i:type="Inertia"><Attributes><Attribute z:Id="i10"><AttributeType>ixx</AttributeType><IsRequired>true</IsRequired><Value i:type="a:double" xmlns:a="http://www.w3.org/2001/XMLSchema">0</Value></Attribute><Attribute z:Id="i11"><AttributeType>ixy</AttributeType><IsRequired>true</IsRequired><Value i:type="a:double" xmlns:a="http://www.w3.org/2001/XMLSchema">0</Value></Attribute><Attribute z:Id="i12"><AttributeType>ixz</AttributeType><IsRequired>true</IsRequired><Value i:type="a:double" xmlns:a="http://www.w3.org/2001/XMLSchema">0</Value></Attribute><Attribute z:Id="i13"><AttributeType>iyy</AttributeType><IsRequired>true</IsRequired><Value i:type="a:double" xmlns:a="http://www.w3.org/2001/XMLSchema">0</Value></Attribute><Attribute z:Id="i14"><AttributeType>iyz</AttributeType><IsRequired>true</IsRequired><Value i:type="a:double" xmlns:a="http://www.w3.org/2001/XMLSchema">0</Value></Attribute><Attribute z:Id="i15"><AttributeType>izz</AttributeType><IsRequired>true</IsRequired><Value i:type="a:double" xmlns:a="http://www.w3.org/2001/XMLSchema">0</Value></Attribute></Attributes><ChildElements/><ElementName>inertia</ElementName><required>false</required><IxxAttribute z:Ref="i10"/><IxyAttribute z:Ref="i11"/><IxzAttribute z:Ref="i12"/><IyyAttribute z:Ref="i13"/><IyzAttribute z:Ref="i14"/><IzzAttribute z:Ref="i15"/></URDFElement></ChildElements><ElementName>inertial</ElementName><required>false</required><Inertia z:Ref="i9"/><Mass z:Ref="i7"/><Origin z:Ref="i4"/></URDFElement><URDFElement z:Id="i16" i:type="Visual"><Attributes/><ChildElements><URDFElement z:Id="i17" i:type="Origin"><Attributes><Attribute z:Id="i18"><AttributeType>xyz</AttributeType><IsRequired>true</IsRequired><Value i:type="a:ArrayOfdouble" xmlns:a="http://schemas.microsoft.com/2003/10/Serialization/Arrays"><a:double>0</a:double><a:double>0</a:double><a:double>0</a:double></Value></Attribute><Attribute z:Id="i19"><AttributeType>rpy</AttributeType><IsRequired>true</IsRequired><Value i:type="a:ArrayOfdouble" xmlns:a="http://schemas.microsoft.com/2003/10/Serialization/Arrays"><a:double>0</a:double><a:double>0</a:double><a:double>0</a:double></Value></Attribute></Attributes><ChildElements/><ElementName>origin</ElementName><required>false</required><RPYAttribute z:Ref="i19"/><XYZAttribute z:Ref="i18"/><isCustomized>false</isCustomized></URDFElement><URDFElement z:Id="i20" i:type="Geometry"><Attributes/><ChildElements><URDFElement z:Id="i21" i:type="Mesh"><Attributes><Attribute z:Id="i22"><AttributeType>filename</AttributeType><IsRequired>true</IsRequired><Value i:nil="true"/></Attribute></Attributes><ChildElements/><ElementName>mesh</ElementName><required>false</required><FilenameAttribute z:Ref="i22"/></URDFElement></ChildElements><ElementName>geometry</ElementName><required>true</required><Mesh z:Ref="i21"/></URDFElement><URDFElement z:Id="i23" i:type="Material"><Attributes><Attribute z:Id="i24"><AttributeType>name</AttributeType><IsRequired>true</IsRequired><Value i:type="a:string" xmlns:a="http://www.w3.org/2001/XMLSchema"/></Attribute></Attributes><ChildElements><URDFElement z:Id="i25" i:type="Color"><Attributes><Attribute z:Id="i26"><AttributeType>rgba</AttributeType><IsRequired>true</IsRequired><Value i:type="a:ArrayOfdouble" xmlns:a="http://schemas.microsoft.com/2003/10/Serialization/Arrays"><a:double>1</a:double><a:double>1</a:double><a:double>1</a:double><a:double>1</a:double></Value></Attribute></Attributes><ChildElements/><ElementName>color</ElementName><required>false</required><RGBAAttribute z:Ref="i26"/></URDFElement><URDFElement z:Id="i27" i:type="Texture"><Attributes><Attribute z:Id="i28"><AttributeType>filename</AttributeType><IsRequired>true</IsRequired><Value i:nil="true"/></Attribute></Attributes><ChildElements/><ElementName>texture</ElementName><required>false</required><FilenameAttribute z:Ref="i28"/><wFilename/></URDFElement></ChildElements><ElementName>material</ElementName><required>false</required><Color z:Ref="i25"/><NameAttribute z:Ref="i24"/><Texture z:Ref="i27"/></URDFElement></ChildElements><ElementName>visual</ElementName><required>false</required><Geometry z:Ref="i20"/><Material z:Ref="i23"/><Origin z:Ref="i17"/></URDFElement><URDFElement z:Id="i29" i:type="Collision"><Attributes/><ChildElements><URDFElement z:Id="i30" i:type="Origin"><Attributes><Attribute z:Id="i31"><AttributeType>xyz</AttributeType><IsRequired>true</IsRequired><Value i:type="a:ArrayOfdouble" xmlns:a="http://schemas.microsoft.com/2003/10/Serialization/Arrays"><a:double>0</a:double><a:double>0</a:double><a:double>0</a:double></Value></Attribute><Attribute z:Id="i32"><AttributeType>rpy</AttributeType><IsRequired>true</IsRequired><Value i:type="a:ArrayOfdouble" xmlns:a="http://schemas.microsoft.com/2003/10/Serialization/Arrays"><a:double>0</a:double><a:double>0</a:double><a:double>0</a:double></Value></Attribute></Attributes><ChildElements/><ElementName>origin</ElementName><required>false</required><RPYAttribute z:Ref="i32"/><XYZAttribute z:Ref="i31"/><isCustomized>false</isCustomized></URDFElement><URDFElement z:Id="i33" i:type="Geometry"><Attributes/><ChildElements><URDFElement z:Id="i34" i:type="Mesh"><Attributes><Attribute z:Id="i35"><AttributeType>filename</AttributeType><IsRequired>true</IsRequired><Value i:nil="true"/></Attribute></Attributes><ChildElements/><ElementName>mesh</ElementName><required>false</required><FilenameAttribute z:Ref="i35"/></URDFElement></ChildElements><ElementName>geometry</ElementName><required>true</required><Mesh z:Ref="i34"/></URDFElement></ChildElements><ElementName>collision</ElementName><required>false</required><Geometry z:Ref="i33"/><Origin z:Ref="i30"/></URDFElement><URDFElement z:Id="i36" i:type="Joint"><Attributes><Attribute z:Id="i37"><AttributeType>name</AttributeType><IsRequired>true</IsRequired><Value i:type="a:string" xmlns:a="http://www.w3.org/2001/XMLSchema"/></Attribute><Attribute z:Id="i38"><AttributeType>type</AttributeType><IsRequired>true</IsRequired><Value i:type="a:string" xmlns:a="http://www.w3.org/2001/XMLSchema"/></Attribute></Attributes><ChildElements><URDFElement z:Id="i39" i:type="Origin"><Attributes><Attribute z:Id="i40"><AttributeType>xyz</AttributeType><IsRequired>true</IsRequired><Value i:type="a:ArrayOfdouble" xmlns:a="http://schemas.microsoft.com/2003/10/Serialization/Arrays"><a:double>0</a:double><a:double>0</a:double><a:double>0</a:double></Value></Attribute><Attribute z:Id="i41"><AttributeType>rpy</AttributeType><IsRequired>true</IsRequired><Value i:type="a:ArrayOfdouble" xmlns:a="http://schemas.microsoft.com/2003/10/Serialization/Arrays"><a:double>0</a:double><a:double>0</a:double><a:double>0</a:double></Value></Attribute></Attributes><ChildElements/><ElementName>origin</ElementName><required>false</required><RPYAttribute z:Ref="i41"/><XYZAttribute z:Ref="i40"/><isCustomized>false</isCustomized></URDFElement><URDFElement z:Id="i42" i:type="ParentLink"><Attributes><Attribute z:Id="i43"><AttributeType>link</AttributeType><IsRequired>true</IsRequired><Value i:type="a:string" xmlns:a="http://www.w3.org/2001/XMLSchema"/></Attribute></Attributes><ChildElements/><ElementName>parent</ElementName><required>true</required><NameAttribute z:Ref="i43"/></URDFElement><URDFElement z:Id="i44" i:type="ChildLink"><Attributes><Attribute z:Id="i45"><AttributeType>link</AttributeType><IsRequired>true</IsRequired><Value i:type="a:string" xmlns:a="http://www.w3.org/2001/XMLSchema"/></Attribute></Attributes><ChildElements/><ElementName>child</ElementName><required>true</required><NameAttribute z:Ref="i45"/></URDFElement><URDFElement z:Id="i46" i:type="Axis"><Attributes><Attribute z:Id="i47"><AttributeType>xyz</AttributeType><IsRequired>true</IsRequired><Value i:type="a:ArrayOfdouble" xmlns:a="http://schemas.microsoft.com/2003/10/Serialization/Arrays"><a:double>0</a:double><a:double>0</a:double><a:double>0</a:double></Value></Attribute></Attributes><ChildElements/><ElementName>axis</ElementName><required>false</required><XYZAttribute z:Ref="i47"/></URDFElement><URDFElement z:Id="i48" i:type="Limit"><Attributes><Attribute z:Id="i49"><AttributeType>lower</AttributeType><IsRequired>false</IsRequired><Value i:nil="true"/></Attribute><Attribute z:Id="i50"><AttributeType>upper</AttributeType><IsRequired>false</IsRequired><Value i:nil="true"/></Attribute><Attribute z:Id="i51"><AttributeType>effort</AttributeType><IsRequired>true</IsRequired><Value i:nil="true"/></Attribute><Attribute z:Id="i52"><AttributeType>velocity</AttributeType><IsRequired>true</IsRequired><Value i:nil="true"/></Attribute></Attributes><ChildElements/><ElementName>limit</ElementName><required>false</required><EffortAttribute z:Ref="i51"/><LowerAttribute z:Ref="i49"/><UpperAttribute z:Ref="i50"/><VelocityAttribute z:Ref="i52"/></URDFElement><URDFElement z:Id="i53" i:type="Calibration"><Attributes><Attribute z:Id="i54"><AttributeType>rising</AttributeType><IsRequired>false</IsRequired><Value i:nil="true"/></Attribute><Attribute z:Id="i55"><AttributeType>falling</AttributeType><IsRequired>false</IsRequired><Value i:nil="true"/></Attribute></Attributes><ChildElements/><ElementName>calibration</ElementName><required>false</required><FallingAttribute z:Ref="i55"/><RisingAttribute z:Ref="i54"/></URDFElement><URDFElement z:Id="i56" i:type="Dynamics"><Attributes><Attribute z:Id="i57"><AttributeType>damping</AttributeType><IsRequired>false</IsRequired><Value i:nil="true"/></Attribute><Attribute z:Id="i58"><AttributeType>friction</AttributeType><IsRequired>false</IsRequired><Value i:nil="true"/></Attribute></Attributes><ChildElements/><ElementName>dynamics</ElementName><required>false</required><DampingAttribute z:Ref="i57"/><FrictionAttribute z:Ref="i58"/></URDFElement><URDFElement z:Id="i59" i:type="SafetyController"><Attributes><Attribute z:Id="i60"><AttributeType>soft_upper_limit</AttributeType><IsRequired>false</IsRequired><Value i:nil="true"/></Attribute><Attribute z:Id="i61"><AttributeType>soft_lower_limit</AttributeType><IsRequired>false</IsRequired><Value i:nil="true"/></Attribute><Attribute z:Id="i62"><AttributeType>k_position</AttributeType><IsRequired>false</IsRequired><Value i:nil="true"/></Attribute><Attribute z:Id="i63"><AttributeType>k_velocity</AttributeType><IsRequired>true</IsRequired><Value i:nil="true"/></Attribute></Attributes><ChildElements/><ElementName>safety_controller</ElementName><required>false</required><KPositionAttribute z:Ref="i62"/><KVelocityAttribute z:Ref="i63"/><SoftLowerAttribute z:Ref="i61"/><SoftUpperAttribute z:Ref="i60"/></URDFElement><URDFElement z:Id="i64" i:type="Mimic"><Attributes><Attribute z:Id="i65"><AttributeType>joint</AttributeType><IsRequired>true</IsRequired><Value i:nil="true"/></Attribute><Attribute z:Id="i66"><AttributeType>multiplier</AttributeType><IsRequired>false</IsRequired><Value i:nil="true"/></Attribute><Attribute z:Id="i67"><AttributeType>offset</AttributeType><IsRequired>false</IsRequired><Value i:nil="true"/></Attribute></Attributes><ChildElements/><ElementName>mimic</ElementName><required>false</required><JointNameAttribute z:Ref="i65"/><MultiplierAttribute z:Ref="i66"/><OffsetAttribute z:Ref="i67"/></URDFElement></ChildElements><ElementName>joint</ElementName><required>false</required><Axis z:Ref="i46"/><AxisName/><Calibration z:Ref="i53"/><Child z:Ref="i44"/><CoordinateSystemName>Automatically Generate</CoordinateSystemName><Dynamics z:Ref="i56"/><Limit z:Ref="i48"/><Mimic z:Ref="i64"/><NameAttribute z:Ref="i37"/><Origin z:Ref="i39"/><Parent z:Ref="i42"/><Safety z:Ref="i59"/><TypeAttribute z:Ref="i38"/></URDFElement></ChildElements><ElementName>link</ElementName><required>true</required><Children/><Collision z:Ref="i29"/><Inertial z:Ref="i3"/><Joint z:Ref="i36"/><NameAttribute z:Ref="i2"/><Parent i:nil="true"/><STLQualityFine>false</STLQualityFine><SWComponentPIDs xmlns:a="http://schemas.microsoft.com/2003/10/Serialization/Arrays"><a:base64Binary>UEYAAAUAAAD//v8tbgBpAHAAcABlAHIAXwBzAGEAcgB0AGgAYQBrAF8AZwBhAHoAZQBiAG8ALQAxAEAAbgBpAHAAcABlAHIAXwBzAGEAcgB0AGgAYQBrAF8AZwBhAHoAZQBiAG8ABAAAABAAAAABAAAAAQAAABgAAAA=</a:base64Binary></SWComponentPIDs><SWMainComponentPID i:nil="true"/><Visual z:Ref="i16"/><isFixedFrame>false</isFixedFrame><isIncomplete>false</isIncomplete></Link>
2025-12-15 13:59:15,916 INFO  AssemblyExportForm.cs: 309 - Saving URDF package to C:\Nipper\nipper_sarthak_gazebo
2025-12-15 13:59:15,919 INFO  ExportHelper.cs: 147 - Beginning the export process
2025-12-15 13:59:15,921 INFO  ExportHelper.cs: 153 - Creating package directories with name nipper_sarthak_gazebo and save path C:\Nipper
2025-12-15 13:59:18,797 INFO  ExportHelper.cs: 162 - Creating CMakeLists.txt at C:\Nipper\nipper_sarthak_gazebo\CMakeLists.txt
2025-12-15 13:59:18,799 INFO  ExportHelper.cs: 166 - Creating joint names config at C:\Nipper\nipper_sarthak_gazebo\config\joint_names_nipper_sarthak_gazebo.yaml
2025-12-15 13:59:18,800 INFO  ExportHelper.cs: 170 - Creating package.xml at C:\Nipper\nipper_sarthak_gazebo\package.xml
2025-12-15 13:59:18,802 INFO  PackageXMLWriter.cs: 21 - Creating package.xml at C:\Nipper\nipper_sarthak_gazebo\package.xml
2025-12-15 13:59:18,807 INFO  ExportHelper.cs: 177 - Creating RVIZ launch file in C:\Nipper\nipper_sarthak_gazebo\launch\
2025-12-15 13:59:18,810 INFO  ExportHelper.cs: 182 - Creating Gazebo launch file in C:\Nipper\nipper_sarthak_gazebo\launch\
2025-12-15 13:59:18,812 INFO  ExportHelper.cs: 187 - Saving existing STL preferences
2025-12-15 13:59:18,813 INFO  ExportHelper.cs: 450 - Saving users preferences
2025-12-15 13:59:18,815 INFO  ExportHelper.cs: 190 - Modifying STL preferences
2025-12-15 13:59:18,817 INFO  ExportHelper.cs: 464 - Setting STL preferences
2025-12-15 13:59:18,838 INFO  ExportHelper.cs: 196 - Found 0 hidden components 
2025-12-15 13:59:18,839 INFO  ExportHelper.cs: 197 - Hiding all components
2025-12-15 13:59:18,901 INFO  ExportHelper.cs: 204 - Beginning individual files export
2025-12-15 13:59:18,908 INFO  ExportHelper.cs: 270 - Exporting link: base_link
2025-12-15 13:59:18,909 INFO  ExportHelper.cs: 272 - Link base_link has 0 children
2025-12-15 13:59:18,910 INFO  ExportHelper.cs: 317 - base_link: Exporting STL with coordinate frame Origin_global
2025-12-15 13:59:18,911 INFO  ExportHelper.cs: 322 - base_link: Reference geometry name 
2025-12-15 13:59:18,942 INFO  ExportHelper.cs: 330 - Saving STL to C:\Nipper\nipper_sarthak_gazebo\meshes\base_link.STL
2025-12-15 13:59:19,105 INFO  ExportHelper.cs: 405 - Removing SW header in STL file
2025-12-15 13:59:19,106 INFO  ExportHelper.cs: 145 - Showing all components except previously hidden components
2025-12-15 13:59:19,128 INFO  ExportHelper.cs: 145 - Resetting STL preferences
2025-12-15 13:59:19,129 INFO  ExportHelper.cs: 478 - Returning STL preferences to user preferences
2025-12-15 13:59:19,130 INFO  ExportHelper.cs: 228 - Writing URDF file to C:\Nipper\nipper_sarthak_gazebo\urdf\nipper_sarthak_gazebo.urdf
2025-12-15 13:59:19,229 INFO  CSVImportExport.cs: 32 - Writing CSV file C:\Nipper\nipper_sarthak_gazebo\urdf\nipper_sarthak_gazebo.csv
2025-12-15 13:59:19,250 ERROR CSVImportExport.cs: 130 - The following columns were not written to the CSV: Link.Joint.ChildLink.link,
2025-12-15 13:59:19,251 INFO  ExportHelper.cs: 234 - Copying log file
2025-12-15 13:59:19,255 INFO  ExportHelper.cs: 439 - Copying C:\Users\sarth\sw2urdf_logs\sw2urdf.log to C:\Nipper\nipper_sarthak_gazebo\export.log
2025-12-15 13:59:19,256 INFO  ExportHelper.cs: 237 - Resetting STL preferences
2025-12-15 13:59:19,257 INFO  ExportHelper.cs: 478 - Returning STL preferences to user preferences
2025-12-15 15:09:06,980 INFO  SwAddin.cs: 294 - Assembly export called for file nipper_sarthak_gazebo.SLDASM
2025-12-15 15:09:06,983 INFO  SwAddin.cs: 299 - Save is required
2025-12-15 15:09:06,983 INFO  SwAddin.cs: 313 - Saving assembly
2025-12-15 15:09:07,224 INFO  SwAddin.cs: 316 - Opening property manager
2025-12-15 15:09:07,225 INFO  ExportHelperExtension.cs: 1125 - Retrieving features of type [CoordSys] from nipper_sarthak_gazebo.SLDASM
2025-12-15 15:09:07,226 INFO  ExportHelperExtension.cs: 1136 - Found 24 in nipper_sarthak_gazebo.SLDASM
2025-12-15 15:09:07,226 INFO  ExportHelperExtension.cs: 1145 - Found 0 features of type [CoordSys] in nipper_sarthak_gazebo.SLDASM
2025-12-15 15:09:07,227 INFO  ExportHelperExtension.cs: 1148 - Proceeding through assembly components
2025-12-15 15:09:07,227 INFO  ExportHelperExtension.cs: 1160 - 1 components to check
2025-12-15 15:09:07,228 INFO  ExportHelperExtension.cs: 1125 - Retrieving features of type [CoordSys] from nipper_sarthak_gazebo-1
2025-12-15 15:09:07,228 INFO  ExportHelperExtension.cs: 1136 - Found 53 in nipper_sarthak_gazebo-1
2025-12-15 15:09:07,229 INFO  ExportHelperExtension.cs: 1145 - Found 0 features of type [CoordSys] in nipper_sarthak_gazebo-1
2025-12-15 15:09:07,229 INFO  ExportHelperExtension.cs: 1125 - Retrieving features of type [RefAxis] from nipper_sarthak_gazebo.SLDASM
2025-12-15 15:09:07,230 INFO  ExportHelperExtension.cs: 1136 - Found 24 in nipper_sarthak_gazebo.SLDASM
2025-12-15 15:09:07,230 INFO  ExportHelperExtension.cs: 1145 - Found 0 features of type [RefAxis] in nipper_sarthak_gazebo.SLDASM
2025-12-15 15:09:07,231 INFO  ExportHelperExtension.cs: 1148 - Proceeding through assembly components
2025-12-15 15:09:07,231 INFO  ExportHelperExtension.cs: 1160 - 1 components to check
2025-12-15 15:09:07,231 INFO  ExportHelperExtension.cs: 1125 - Retrieving features of type [RefAxis] from nipper_sarthak_gazebo-1
2025-12-15 15:09:07,232 INFO  ExportHelperExtension.cs: 1136 - Found 53 in nipper_sarthak_gazebo-1
2025-12-15 15:09:07,232 INFO  ExportHelperExtension.cs: 1145 - Found 0 features of type [RefAxis] in nipper_sarthak_gazebo-1
2025-12-15 15:09:07,420 INFO  SwAddin.cs: 339 - Loading config tree
2025-12-15 15:09:07,421 INFO  ExportPropertyManagerExtension.cs: 520 - Starting new configuration
2025-12-15 15:09:07,439 INFO  SwAddin.cs: 344 - Showing property manager
2025-12-15 15:09:17,629 INFO  ExportPropertyManager.cs: 422 - Configuration saved
2025-12-15 15:09:19,072 INFO  ExportHelperExtension.cs: 1125 - Retrieving features of type [CoordSys] from nipper_sarthak_gazebo.SLDASM
2025-12-15 15:09:19,073 INFO  ExportHelperExtension.cs: 1136 - Found 27 in nipper_sarthak_gazebo.SLDASM
2025-12-15 15:09:19,073 INFO  ExportHelperExtension.cs: 1145 - Found 1 features of type [CoordSys] in nipper_sarthak_gazebo.SLDASM
2025-12-15 15:09:19,074 INFO  ExportHelperExtension.cs: 1148 - Proceeding through assembly components
2025-12-15 15:09:19,074 INFO  ExportHelperExtension.cs: 1160 - 1 components to check
2025-12-15 15:09:19,075 INFO  ExportHelperExtension.cs: 1125 - Retrieving features of type [CoordSys] from nipper_sarthak_gazebo-1
2025-12-15 15:09:19,075 INFO  ExportHelperExtension.cs: 1136 - Found 53 in nipper_sarthak_gazebo-1
2025-12-15 15:09:19,076 INFO  ExportHelperExtension.cs: 1145 - Found 0 features of type [CoordSys] in nipper_sarthak_gazebo-1
2025-12-15 15:09:19,076 INFO  ExportHelperExtension.cs: 1125 - Retrieving features of type [RefAxis] from nipper_sarthak_gazebo.SLDASM
2025-12-15 15:09:19,076 INFO  ExportHelperExtension.cs: 1136 - Found 27 in nipper_sarthak_gazebo.SLDASM
2025-12-15 15:09:19,077 INFO  ExportHelperExtension.cs: 1145 - Found 0 features of type [RefAxis] in nipper_sarthak_gazebo.SLDASM
2025-12-15 15:09:19,077 INFO  ExportHelperExtension.cs: 1148 - Proceeding through assembly components
2025-12-15 15:09:19,077 INFO  ExportHelperExtension.cs: 1160 - 1 components to check
2025-12-15 15:09:19,078 INFO  ExportHelperExtension.cs: 1125 - Retrieving features of type [RefAxis] from nipper_sarthak_gazebo-1
2025-12-15 15:09:19,078 INFO  ExportHelperExtension.cs: 1136 - Found 53 in nipper_sarthak_gazebo-1
2025-12-15 15:09:19,079 INFO  ExportHelperExtension.cs: 1145 - Found 0 features of type [RefAxis] in nipper_sarthak_gazebo-1
2025-12-15 15:09:19,130 INFO  ExportPropertyManager.cs: 1142 - AfterClose called. This method no longer throws an Exception. It just silently does nothing. Ok, except for this logging message
2025-12-15 15:31:20,769 INFO  SwAddin.cs: 294 - Assembly export called for file nipper_sarthak_gazebo.SLDASM
2025-12-15 15:31:20,770 INFO  SwAddin.cs: 299 - Save is required
2025-12-15 15:31:20,770 INFO  SwAddin.cs: 313 - Saving assembly
2025-12-15 15:31:20,988 INFO  SwAddin.cs: 316 - Opening property manager
2025-12-15 15:31:20,989 INFO  ExportHelperExtension.cs: 1125 - Retrieving features of type [CoordSys] from nipper_sarthak_gazebo.SLDASM
2025-12-15 15:31:20,990 INFO  ExportHelperExtension.cs: 1136 - Found 25 in nipper_sarthak_gazebo.SLDASM
2025-12-15 15:31:20,990 INFO  ExportHelperExtension.cs: 1145 - Found 1 features of type [CoordSys] in nipper_sarthak_gazebo.SLDASM
2025-12-15 15:31:20,990 INFO  ExportHelperExtension.cs: 1148 - Proceeding through assembly components
2025-12-15 15:31:20,991 INFO  ExportHelperExtension.cs: 1160 - 1 components to check
2025-12-15 15:31:20,991 INFO  ExportHelperExtension.cs: 1125 - Retrieving features of type [CoordSys] from nipper_sarthak_gazebo-1
2025-12-15 15:31:20,991 INFO  ExportHelperExtension.cs: 1136 - Found 53 in nipper_sarthak_gazebo-1
2025-12-15 15:31:20,992 INFO  ExportHelperExtension.cs: 1145 - Found 0 features of type [CoordSys] in nipper_sarthak_gazebo-1
2025-12-15 15:31:20,992 INFO  ExportHelperExtension.cs: 1125 - Retrieving features of type [RefAxis] from nipper_sarthak_gazebo.SLDASM
2025-12-15 15:31:20,992 INFO  ExportHelperExtension.cs: 1136 - Found 25 in nipper_sarthak_gazebo.SLDASM
2025-12-15 15:31:20,992 INFO  ExportHelperExtension.cs: 1145 - Found 0 features of type [RefAxis] in nipper_sarthak_gazebo.SLDASM
2025-12-15 15:31:20,992 INFO  ExportHelperExtension.cs: 1148 - Proceeding through assembly components
2025-12-15 15:31:20,994 INFO  ExportHelperExtension.cs: 1160 - 1 components to check
2025-12-15 15:31:20,994 INFO  ExportHelperExtension.cs: 1125 - Retrieving features of type [RefAxis] from nipper_sarthak_gazebo-1
2025-12-15 15:31:20,994 INFO  ExportHelperExtension.cs: 1136 - Found 53 in nipper_sarthak_gazebo-1
2025-12-15 15:31:20,995 INFO  ExportHelperExtension.cs: 1145 - Found 0 features of type [RefAxis] in nipper_sarthak_gazebo-1
2025-12-15 15:31:21,206 INFO  SwAddin.cs: 339 - Loading config tree
2025-12-15 15:31:21,207 INFO  ExportPropertyManagerExtension.cs: 520 - Starting new configuration
2025-12-15 15:31:21,212 INFO  SwAddin.cs: 344 - Showing property manager
2025-12-15 15:31:32,911 INFO  ExportPropertyManager.cs: 422 - Configuration saved
2025-12-15 15:31:34,525 INFO  ExportHelperExtension.cs: 1125 - Retrieving features of type [CoordSys] from nipper_sarthak_gazebo.SLDASM
2025-12-15 15:31:34,526 INFO  ExportHelperExtension.cs: 1136 - Found 28 in nipper_sarthak_gazebo.SLDASM
2025-12-15 15:31:34,527 INFO  ExportHelperExtension.cs: 1145 - Found 2 features of type [CoordSys] in nipper_sarthak_gazebo.SLDASM
2025-12-15 15:31:34,527 INFO  ExportHelperExtension.cs: 1148 - Proceeding through assembly components
2025-12-15 15:31:34,527 INFO  ExportHelperExtension.cs: 1160 - 1 components to check
2025-12-15 15:31:34,527 INFO  ExportHelperExtension.cs: 1125 - Retrieving features of type [CoordSys] from nipper_sarthak_gazebo-1
2025-12-15 15:31:34,528 INFO  ExportHelperExtension.cs: 1136 - Found 53 in nipper_sarthak_gazebo-1
2025-12-15 15:31:34,528 INFO  ExportHelperExtension.cs: 1145 - Found 0 features of type [CoordSys] in nipper_sarthak_gazebo-1
2025-12-15 15:31:34,529 INFO  ExportHelperExtension.cs: 1125 - Retrieving features of type [RefAxis] from nipper_sarthak_gazebo.SLDASM
2025-12-15 15:31:34,529 INFO  ExportHelperExtension.cs: 1136 - Found 28 in nipper_sarthak_gazebo.SLDASM
2025-12-15 15:31:34,529 INFO  ExportHelperExtension.cs: 1145 - Found 0 features of type [RefAxis] in nipper_sarthak_gazebo.SLDASM
2025-12-15 15:31:34,529 INFO  ExportHelperExtension.cs: 1148 - Proceeding through assembly components
2025-12-15 15:31:34,529 INFO  ExportHelperExtension.cs: 1160 - 1 components to check
2025-12-15 15:31:34,530 INFO  ExportHelperExtension.cs: 1125 - Retrieving features of type [RefAxis] from nipper_sarthak_gazebo-1
2025-12-15 15:31:34,530 INFO  ExportHelperExtension.cs: 1136 - Found 53 in nipper_sarthak_gazebo-1
2025-12-15 15:31:34,530 INFO  ExportHelperExtension.cs: 1145 - Found 0 features of type [RefAxis] in nipper_sarthak_gazebo-1
2025-12-15 15:31:34,574 INFO  ExportPropertyManager.cs: 1142 - AfterClose called. This method no longer throws an Exception. It just silently does nothing. Ok, except for this logging message
2025-12-15 15:31:45,944 INFO  AssemblyExportForm.cs: 253 - Completing URDF export
2025-12-15 15:31:45,945 INFO  ConfigurationSerialization.cs: 276 - URDF Configuration found
<Link z:Id="i1" xmlns="http://schemas.datacontract.org/2004/07/SW2URDF" xmlns:i="http://www.w3.org/2001/XMLSchema-instance" xmlns:z="http://schemas.microsoft.com/2003/10/Serialization/"><Attributes><Attribute z:Id="i2"><AttributeType>name</AttributeType><IsRequired>true</IsRequired><Value i:type="a:string" xmlns:a="http://www.w3.org/2001/XMLSchema">base_link</Value></Attribute></Attributes><ChildElements><URDFElement z:Id="i3" i:type="Inertial"><Attributes/><ChildElements><URDFElement z:Id="i4" i:type="Origin"><Attributes><Attribute z:Id="i5"><AttributeType>xyz</AttributeType><IsRequired>true</IsRequired><Value i:type="a:ArrayOfdouble" xmlns:a="http://schemas.microsoft.com/2003/10/Serialization/Arrays"><a:double>0</a:double><a:double>0</a:double><a:double>0</a:double></Value></Attribute><Attribute z:Id="i6"><AttributeType>rpy</AttributeType><IsRequired>true</IsRequired><Value i:type="a:ArrayOfdouble" xmlns:a="http://schemas.microsoft.com/2003/10/Serialization/Arrays"><a:double>0</a:double><a:double>0</a:double><a:double>0</a:double></Value></Attribute></Attributes><ChildElements/><ElementName>origin</ElementName><required>false</required><RPYAttribute z:Ref="i6"/><XYZAttribute z:Ref="i5"/><isCustomized>false</isCustomized></URDFElement><URDFElement z:Id="i7" i:type="Mass"><Attributes><Attribute z:Id="i8"><AttributeType>value</AttributeType><IsRequired>true</IsRequired><Value i:type="a:double" xmlns:a="http://www.w3.org/2001/XMLSchema">0</Value></Attribute></Attributes><ChildElements/><ElementName>mass</ElementName><required>false</required><ValueAttribute z:Ref="i8"/></URDFElement><URDFElement z:Id="i9" i:type="Inertia"><Attributes><Attribute z:Id="i10"><AttributeType>ixx</AttributeType><IsRequired>true</IsRequired><Value i:type="a:double" xmlns:a="http://www.w3.org/2001/XMLSchema">0</Value></Attribute><Attribute z:Id="i11"><AttributeType>ixy</AttributeType><IsRequired>true</IsRequired><Value i:type="a:double" xmlns:a="http://www.w3.org/2001/XMLSchema">0</Value></Attribute><Attribute z:Id="i12"><AttributeType>ixz</AttributeType><IsRequired>true</IsRequired><Value i:type="a:double" xmlns:a="http://www.w3.org/2001/XMLSchema">0</Value></Attribute><Attribute z:Id="i13"><AttributeType>iyy</AttributeType><IsRequired>true</IsRequired><Value i:type="a:double" xmlns:a="http://www.w3.org/2001/XMLSchema">0</Value></Attribute><Attribute z:Id="i14"><AttributeType>iyz</AttributeType><IsRequired>true</IsRequired><Value i:type="a:double" xmlns:a="http://www.w3.org/2001/XMLSchema">0</Value></Attribute><Attribute z:Id="i15"><AttributeType>izz</AttributeType><IsRequired>true</IsRequired><Value i:type="a:double" xmlns:a="http://www.w3.org/2001/XMLSchema">0</Value></Attribute></Attributes><ChildElements/><ElementName>inertia</ElementName><required>false</required><IxxAttribute z:Ref="i10"/><IxyAttribute z:Ref="i11"/><IxzAttribute z:Ref="i12"/><IyyAttribute z:Ref="i13"/><IyzAttribute z:Ref="i14"/><IzzAttribute z:Ref="i15"/></URDFElement></ChildElements><ElementName>inertial</ElementName><required>false</required><Inertia z:Ref="i9"/><Mass z:Ref="i7"/><Origin z:Ref="i4"/></URDFElement><URDFElement z:Id="i16" i:type="Visual"><Attributes/><ChildElements><URDFElement z:Id="i17" i:type="Origin"><Attributes><Attribute z:Id="i18"><AttributeType>xyz</AttributeType><IsRequired>true</IsRequired><Value i:type="a:ArrayOfdouble" xmlns:a="http://schemas.microsoft.com/2003/10/Serialization/Arrays"><a:double>0</a:double><a:double>0</a:double><a:double>0</a:double></Value></Attribute><Attribute z:Id="i19"><AttributeType>rpy</AttributeType><IsRequired>true</IsRequired><Value i:type="a:ArrayOfdouble" xmlns:a="http://schemas.microsoft.com/2003/10/Serialization/Arrays"><a:double>0</a:double><a:double>0</a:double><a:double>0</a:double></Value></Attribute></Attributes><ChildElements/><ElementName>origin</ElementName><required>false</required><RPYAttribute z:Ref="i19"/><XYZAttribute z:Ref="i18"/><isCustomized>false</isCustomized></URDFElement><URDFElement z:Id="i20" i:type="Geometry"><Attributes/><ChildElements><URDFElement z:Id="i21" i:type="Mesh"><Attributes><Attribute z:Id="i22"><AttributeType>filename</AttributeType><IsRequired>true</IsRequired><Value i:nil="true"/></Attribute></Attributes><ChildElements/><ElementName>mesh</ElementName><required>false</required><FilenameAttribute z:Ref="i22"/></URDFElement></ChildElements><ElementName>geometry</ElementName><required>true</required><Mesh z:Ref="i21"/></URDFElement><URDFElement z:Id="i23" i:type="Material"><Attributes><Attribute z:Id="i24"><AttributeType>name</AttributeType><IsRequired>true</IsRequired><Value i:type="a:string" xmlns:a="http://www.w3.org/2001/XMLSchema"/></Attribute></Attributes><ChildElements><URDFElement z:Id="i25" i:type="Color"><Attributes><Attribute z:Id="i26"><AttributeType>rgba</AttributeType><IsRequired>true</IsRequired><Value i:type="a:ArrayOfdouble" xmlns:a="http://schemas.microsoft.com/2003/10/Serialization/Arrays"><a:double>1</a:double><a:double>1</a:double><a:double>1</a:double><a:double>1</a:double></Value></Attribute></Attributes><ChildElements/><ElementName>color</ElementName><required>false</required><RGBAAttribute z:Ref="i26"/></URDFElement><URDFElement z:Id="i27" i:type="Texture"><Attributes><Attribute z:Id="i28"><AttributeType>filename</AttributeType><IsRequired>true</IsRequired><Value i:nil="true"/></Attribute></Attributes><ChildElements/><ElementName>texture</ElementName><required>false</required><FilenameAttribute z:Ref="i28"/><wFilename/></URDFElement></ChildElements><ElementName>material</ElementName><required>false</required><Color z:Ref="i25"/><NameAttribute z:Ref="i24"/><Texture z:Ref="i27"/></URDFElement></ChildElements><ElementName>visual</ElementName><required>false</required><Geometry z:Ref="i20"/><Material z:Ref="i23"/><Origin z:Ref="i17"/></URDFElement><URDFElement z:Id="i29" i:type="Collision"><Attributes/><ChildElements><URDFElement z:Id="i30" i:type="Origin"><Attributes><Attribute z:Id="i31"><AttributeType>xyz</AttributeType><IsRequired>true</IsRequired><Value i:type="a:ArrayOfdouble" xmlns:a="http://schemas.microsoft.com/2003/10/Serialization/Arrays"><a:double>0</a:double><a:double>0</a:double><a:double>0</a:double></Value></Attribute><Attribute z:Id="i32"><AttributeType>rpy</AttributeType><IsRequired>true</IsRequired><Value i:type="a:ArrayOfdouble" xmlns:a="http://schemas.microsoft.com/2003/10/Serialization/Arrays"><a:double>0</a:double><a:double>0</a:double><a:double>0</a:double></Value></Attribute></Attributes><ChildElements/><ElementName>origin</ElementName><required>false</required><RPYAttribute z:Ref="i32"/><XYZAttribute z:Ref="i31"/><isCustomized>false</isCustomized></URDFElement><URDFElement z:Id="i33" i:type="Geometry"><Attributes/><ChildElements><URDFElement z:Id="i34" i:type="Mesh"><Attributes><Attribute z:Id="i35"><AttributeType>filename</AttributeType><IsRequired>true</IsRequired><Value i:nil="true"/></Attribute></Attributes><ChildElements/><ElementName>mesh</ElementName><required>false</required><FilenameAttribute z:Ref="i35"/></URDFElement></ChildElements><ElementName>geometry</ElementName><required>true</required><Mesh z:Ref="i34"/></URDFElement></ChildElements><ElementName>collision</ElementName><required>false</required><Geometry z:Ref="i33"/><Origin z:Ref="i30"/></URDFElement><URDFElement z:Id="i36" i:type="Joint"><Attributes><Attribute z:Id="i37"><AttributeType>name</AttributeType><IsRequired>true</IsRequired><Value i:type="a:string" xmlns:a="http://www.w3.org/2001/XMLSchema"/></Attribute><Attribute z:Id="i38"><AttributeType>type</AttributeType><IsRequired>true</IsRequired><Value i:type="a:string" xmlns:a="http://www.w3.org/2001/XMLSchema"/></Attribute></Attributes><ChildElements><URDFElement z:Id="i39" i:type="Origin"><Attributes><Attribute z:Id="i40"><AttributeType>xyz</AttributeType><IsRequired>true</IsRequired><Value i:type="a:ArrayOfdouble" xmlns:a="http://schemas.microsoft.com/2003/10/Serialization/Arrays"><a:double>0</a:double><a:double>0</a:double><a:double>0</a:double></Value></Attribute><Attribute z:Id="i41"><AttributeType>rpy</AttributeType><IsRequired>true</IsRequired><Value i:type="a:ArrayOfdouble" xmlns:a="http://schemas.microsoft.com/2003/10/Serialization/Arrays"><a:double>0</a:double><a:double>0</a:double><a:double>0</a:double></Value></Attribute></Attributes><ChildElements/><ElementName>origin</ElementName><required>false</required><RPYAttribute z:Ref="i41"/><XYZAttribute z:Ref="i40"/><isCustomized>false</isCustomized></URDFElement><URDFElement z:Id="i42" i:type="ParentLink"><Attributes><Attribute z:Id="i43"><AttributeType>link</AttributeType><IsRequired>true</IsRequired><Value i:type="a:string" xmlns:a="http://www.w3.org/2001/XMLSchema"/></Attribute></Attributes><ChildElements/><ElementName>parent</ElementName><required>true</required><NameAttribute z:Ref="i43"/></URDFElement><URDFElement z:Id="i44" i:type="ChildLink"><Attributes><Attribute z:Id="i45"><AttributeType>link</AttributeType><IsRequired>true</IsRequired><Value i:type="a:string" xmlns:a="http://www.w3.org/2001/XMLSchema"/></Attribute></Attributes><ChildElements/><ElementName>child</ElementName><required>true</required><NameAttribute z:Ref="i45"/></URDFElement><URDFElement z:Id="i46" i:type="Axis"><Attributes><Attribute z:Id="i47"><AttributeType>xyz</AttributeType><IsRequired>true</IsRequired><Value i:type="a:ArrayOfdouble" xmlns:a="http://schemas.microsoft.com/2003/10/Serialization/Arrays"><a:double>0</a:double><a:double>0</a:double><a:double>0</a:double></Value></Attribute></Attributes><ChildElements/><ElementName>axis</ElementName><required>false</required><XYZAttribute z:Ref="i47"/></URDFElement><URDFElement z:Id="i48" i:type="Limit"><Attributes><Attribute z:Id="i49"><AttributeType>lower</AttributeType><IsRequired>false</IsRequired><Value i:nil="true"/></Attribute><Attribute z:Id="i50"><AttributeType>upper</AttributeType><IsRequired>false</IsRequired><Value i:nil="true"/></Attribute><Attribute z:Id="i51"><AttributeType>effort</AttributeType><IsRequired>true</IsRequired><Value i:nil="true"/></Attribute><Attribute z:Id="i52"><AttributeType>velocity</AttributeType><IsRequired>true</IsRequired><Value i:nil="true"/></Attribute></Attributes><ChildElements/><ElementName>limit</ElementName><required>false</required><EffortAttribute z:Ref="i51"/><LowerAttribute z:Ref="i49"/><UpperAttribute z:Ref="i50"/><VelocityAttribute z:Ref="i52"/></URDFElement><URDFElement z:Id="i53" i:type="Calibration"><Attributes><Attribute z:Id="i54"><AttributeType>rising</AttributeType><IsRequired>false</IsRequired><Value i:nil="true"/></Attribute><Attribute z:Id="i55"><AttributeType>falling</AttributeType><IsRequired>false</IsRequired><Value i:nil="true"/></Attribute></Attributes><ChildElements/><ElementName>calibration</ElementName><required>false</required><FallingAttribute z:Ref="i55"/><RisingAttribute z:Ref="i54"/></URDFElement><URDFElement z:Id="i56" i:type="Dynamics"><Attributes><Attribute z:Id="i57"><AttributeType>damping</AttributeType><IsRequired>false</IsRequired><Value i:nil="true"/></Attribute><Attribute z:Id="i58"><AttributeType>friction</AttributeType><IsRequired>false</IsRequired><Value i:nil="true"/></Attribute></Attributes><ChildElements/><ElementName>dynamics</ElementName><required>false</required><DampingAttribute z:Ref="i57"/><FrictionAttribute z:Ref="i58"/></URDFElement><URDFElement z:Id="i59" i:type="SafetyController"><Attributes><Attribute z:Id="i60"><AttributeType>soft_upper_limit</AttributeType><IsRequired>false</IsRequired><Value i:nil="true"/></Attribute><Attribute z:Id="i61"><AttributeType>soft_lower_limit</AttributeType><IsRequired>false</IsRequired><Value i:nil="true"/></Attribute><Attribute z:Id="i62"><AttributeType>k_position</AttributeType><IsRequired>false</IsRequired><Value i:nil="true"/></Attribute><Attribute z:Id="i63"><AttributeType>k_velocity</AttributeType><IsRequired>true</IsRequired><Value i:nil="true"/></Attribute></Attributes><ChildElements/><ElementName>safety_controller</ElementName><required>false</required><KPositionAttribute z:Ref="i62"/><KVelocityAttribute z:Ref="i63"/><SoftLowerAttribute z:Ref="i61"/><SoftUpperAttribute z:Ref="i60"/></URDFElement><URDFElement z:Id="i64" i:type="Mimic"><Attributes><Attribute z:Id="i65"><AttributeType>joint</AttributeType><IsRequired>true</IsRequired><Value i:nil="true"/></Attribute><Attribute z:Id="i66"><AttributeType>multiplier</AttributeType><IsRequired>false</IsRequired><Value i:nil="true"/></Attribute><Attribute z:Id="i67"><AttributeType>offset</AttributeType><IsRequired>false</IsRequired><Value i:nil="true"/></Attribute></Attributes><ChildElements/><ElementName>mimic</ElementName><required>false</required><JointNameAttribute z:Ref="i65"/><MultiplierAttribute z:Ref="i66"/><OffsetAttribute z:Ref="i67"/></URDFElement></ChildElements><ElementName>joint</ElementName><required>false</required><Axis z:Ref="i46"/><AxisName/><Calibration z:Ref="i53"/><Child z:Ref="i44"/><CoordinateSystemName>Automatically Generate</CoordinateSystemName><Dynamics z:Ref="i56"/><Limit z:Ref="i48"/><Mimic z:Ref="i64"/><NameAttribute z:Ref="i37"/><Origin z:Ref="i39"/><Parent z:Ref="i42"/><Safety z:Ref="i59"/><TypeAttribute z:Ref="i38"/></URDFElement></ChildElements><ElementName>link</ElementName><required>true</required><Children/><Collision z:Ref="i29"/><Inertial z:Ref="i3"/><Joint z:Ref="i36"/><NameAttribute z:Ref="i2"/><Parent i:nil="true"/><STLQualityFine>false</STLQualityFine><SWComponentPIDs xmlns:a="http://schemas.microsoft.com/2003/10/Serialization/Arrays"><a:base64Binary>UEYAAAUAAAD//v8tbgBpAHAAcABlAHIAXwBzAGEAcgB0AGgAYQBrAF8AZwBhAHoAZQBiAG8ALQAxAEAAbgBpAHAAcABlAHIAXwBzAGEAcgB0AGgAYQBrAF8AZwBhAHoAZQBiAG8ABAAAABAAAAABAAAAAQAAABgAAAA=</a:base64Binary></SWComponentPIDs><SWMainComponentPID i:nil="true"/><Visual z:Ref="i16"/><isFixedFrame>false</isFixedFrame><isIncomplete>false</isIncomplete></Link>
2025-12-15 15:32:06,317 INFO  AssemblyExportForm.cs: 309 - Saving URDF package to C:\Users\sarth\OneDrive\Desktop\stl_nipper_1
2025-12-15 15:32:06,318 INFO  ExportHelper.cs: 147 - Beginning the export process
2025-12-15 15:32:06,323 INFO  ExportHelper.cs: 153 - Creating package directories with name stl_nipper_1 and save path C:\Users\sarth\OneDrive\Desktop
2025-12-15 15:32:07,987 INFO  ExportHelper.cs: 162 - Creating CMakeLists.txt at C:\Users\sarth\OneDrive\Desktop\stl_nipper_1\CMakeLists.txt
2025-12-15 15:32:07,988 INFO  ExportHelper.cs: 166 - Creating joint names config at C:\Users\sarth\OneDrive\Desktop\stl_nipper_1\config\joint_names_stl_nipper_1.yaml
2025-12-15 15:32:07,989 INFO  ExportHelper.cs: 170 - Creating package.xml at C:\Users\sarth\OneDrive\Desktop\stl_nipper_1\package.xml
2025-12-15 15:32:07,990 INFO  PackageXMLWriter.cs: 21 - Creating package.xml at C:\Users\sarth\OneDrive\Desktop\stl_nipper_1\package.xml
2025-12-15 15:32:07,990 INFO  ExportHelper.cs: 177 - Creating RVIZ launch file in C:\Users\sarth\OneDrive\Desktop\stl_nipper_1\launch\
2025-12-15 15:32:07,991 INFO  ExportHelper.cs: 182 - Creating Gazebo launch file in C:\Users\sarth\OneDrive\Desktop\stl_nipper_1\launch\
2025-12-15 15:32:07,991 INFO  ExportHelper.cs: 187 - Saving existing STL preferences
2025-12-15 15:32:07,992 INFO  ExportHelper.cs: 450 - Saving users preferences
2025-12-15 15:32:07,992 INFO  ExportHelper.cs: 190 - Modifying STL preferences
2025-12-15 15:32:07,992 INFO  ExportHelper.cs: 464 - Setting STL preferences
2025-12-15 15:32:07,993 INFO  ExportHelper.cs: 196 - Found 0 hidden components 
2025-12-15 15:32:07,993 INFO  ExportHelper.cs: 197 - Hiding all components
2025-12-15 15:32:08,134 INFO  ExportHelper.cs: 204 - Beginning individual files export
2025-12-15 15:32:08,138 INFO  ExportHelper.cs: 270 - Exporting link: base_link
2025-12-15 15:32:08,139 INFO  ExportHelper.cs: 272 - Link base_link has 0 children
2025-12-15 15:32:08,139 INFO  ExportHelper.cs: 317 - base_link: Exporting STL with coordinate frame Origin_global
2025-12-15 15:32:08,139 INFO  ExportHelper.cs: 322 - base_link: Reference geometry name 
2025-12-15 15:32:08,279 INFO  ExportHelper.cs: 330 - Saving STL to C:\Users\sarth\OneDrive\Desktop\stl_nipper_1\meshes\base_link.STL
2025-12-15 15:32:08,515 INFO  ExportHelper.cs: 405 - Removing SW header in STL file
2025-12-15 15:32:08,516 INFO  ExportHelper.cs: 145 - Showing all components except previously hidden components
2025-12-15 15:32:08,711 INFO  ExportHelper.cs: 145 - Resetting STL preferences
2025-12-15 15:32:08,712 INFO  ExportHelper.cs: 478 - Returning STL preferences to user preferences
2025-12-15 15:32:08,712 INFO  ExportHelper.cs: 228 - Writing URDF file to C:\Users\sarth\OneDrive\Desktop\stl_nipper_1\urdf\stl_nipper_1.urdf
2025-12-15 15:32:08,714 INFO  CSVImportExport.cs: 32 - Writing CSV file C:\Users\sarth\OneDrive\Desktop\stl_nipper_1\urdf\stl_nipper_1.csv
2025-12-15 15:32:08,715 ERROR CSVImportExport.cs: 130 - The following columns were not written to the CSV: Link.Joint.ChildLink.link,
2025-12-15 15:32:08,716 INFO  ExportHelper.cs: 234 - Copying log file
2025-12-15 15:32:08,717 INFO  ExportHelper.cs: 439 - Copying C:\Users\sarth\sw2urdf_logs\sw2urdf.log to C:\Users\sarth\OneDrive\Desktop\stl_nipper_1\export.log
2025-12-15 15:32:08,718 INFO  ExportHelper.cs: 237 - Resetting STL preferences
2025-12-15 15:32:08,719 INFO  ExportHelper.cs: 478 - Returning STL preferences to user preferences
2025-12-15 16:05:00,901 INFO  SwAddin.cs: 294 - Assembly export called for file nipper_sarthak_gazebo.SLDASM
2025-12-15 16:05:00,902 INFO  SwAddin.cs: 299 - Save is required
2025-12-15 16:05:00,903 INFO  SwAddin.cs: 313 - Saving assembly
2025-12-15 16:05:01,161 INFO  SwAddin.cs: 316 - Opening property manager
2025-12-15 16:05:01,161 INFO  ExportHelperExtension.cs: 1125 - Retrieving features of type [CoordSys] from nipper_sarthak_gazebo.SLDASM
2025-12-15 16:05:01,162 INFO  ExportHelperExtension.cs: 1136 - Found 25 in nipper_sarthak_gazebo.SLDASM
2025-12-15 16:05:01,163 INFO  ExportHelperExtension.cs: 1145 - Found 1 features of type [CoordSys] in nipper_sarthak_gazebo.SLDASM
2025-12-15 16:05:01,163 INFO  ExportHelperExtension.cs: 1148 - Proceeding through assembly components
2025-12-15 16:05:01,163 INFO  ExportHelperExtension.cs: 1160 - 1 components to check
2025-12-15 16:05:01,164 INFO  ExportHelperExtension.cs: 1125 - Retrieving features of type [CoordSys] from nipper_sarthak_gazebo-1
2025-12-15 16:05:01,164 INFO  ExportHelperExtension.cs: 1136 - Found 53 in nipper_sarthak_gazebo-1
2025-12-15 16:05:01,164 INFO  ExportHelperExtension.cs: 1145 - Found 0 features of type [CoordSys] in nipper_sarthak_gazebo-1
2025-12-15 16:05:01,165 INFO  ExportHelperExtension.cs: 1125 - Retrieving features of type [RefAxis] from nipper_sarthak_gazebo.SLDASM
2025-12-15 16:05:01,165 INFO  ExportHelperExtension.cs: 1136 - Found 25 in nipper_sarthak_gazebo.SLDASM
2025-12-15 16:05:01,165 INFO  ExportHelperExtension.cs: 1145 - Found 0 features of type [RefAxis] in nipper_sarthak_gazebo.SLDASM
2025-12-15 16:05:01,166 INFO  ExportHelperExtension.cs: 1148 - Proceeding through assembly components
2025-12-15 16:05:01,166 INFO  ExportHelperExtension.cs: 1160 - 1 components to check
2025-12-15 16:05:01,166 INFO  ExportHelperExtension.cs: 1125 - Retrieving features of type [RefAxis] from nipper_sarthak_gazebo-1
2025-12-15 16:05:01,167 INFO  ExportHelperExtension.cs: 1136 - Found 53 in nipper_sarthak_gazebo-1
2025-12-15 16:05:01,167 INFO  ExportHelperExtension.cs: 1145 - Found 0 features of type [RefAxis] in nipper_sarthak_gazebo-1
2025-12-15 16:05:01,374 INFO  SwAddin.cs: 339 - Loading config tree
2025-12-15 16:05:01,375 INFO  ExportPropertyManagerExtension.cs: 520 - Starting new configuration
2025-12-15 16:05:01,386 INFO  SwAddin.cs: 344 - Showing property manager
2025-12-15 16:05:28,875 INFO  ExportPropertyManager.cs: 422 - Configuration saved
2025-12-15 16:05:30,463 INFO  ExportHelperExtension.cs: 1125 - Retrieving features of type [CoordSys] from nipper_sarthak_gazebo.SLDASM
2025-12-15 16:05:30,464 INFO  ExportHelperExtension.cs: 1136 - Found 28 in nipper_sarthak_gazebo.SLDASM
2025-12-15 16:05:30,464 INFO  ExportHelperExtension.cs: 1145 - Found 2 features of type [CoordSys] in nipper_sarthak_gazebo.SLDASM
2025-12-15 16:05:30,465 INFO  ExportHelperExtension.cs: 1148 - Proceeding through assembly components
2025-12-15 16:05:30,465 INFO  ExportHelperExtension.cs: 1160 - 1 components to check
2025-12-15 16:05:30,465 INFO  ExportHelperExtension.cs: 1125 - Retrieving features of type [CoordSys] from nipper_sarthak_gazebo-1
2025-12-15 16:05:30,465 INFO  ExportHelperExtension.cs: 1136 - Found 53 in nipper_sarthak_gazebo-1
2025-12-15 16:05:30,466 INFO  ExportHelperExtension.cs: 1145 - Found 0 features of type [CoordSys] in nipper_sarthak_gazebo-1
2025-12-15 16:05:30,466 INFO  ExportHelperExtension.cs: 1125 - Retrieving features of type [RefAxis] from nipper_sarthak_gazebo.SLDASM
2025-12-15 16:05:30,466 INFO  ExportHelperExtension.cs: 1136 - Found 28 in nipper_sarthak_gazebo.SLDASM
2025-12-15 16:05:30,467 INFO  ExportHelperExtension.cs: 1145 - Found 0 features of type [RefAxis] in nipper_sarthak_gazebo.SLDASM
2025-12-15 16:05:30,467 INFO  ExportHelperExtension.cs: 1148 - Proceeding through assembly components
2025-12-15 16:05:30,467 INFO  ExportHelperExtension.cs: 1160 - 1 components to check
2025-12-15 16:05:30,467 INFO  ExportHelperExtension.cs: 1125 - Retrieving features of type [RefAxis] from nipper_sarthak_gazebo-1
2025-12-15 16:05:30,468 INFO  ExportHelperExtension.cs: 1136 - Found 53 in nipper_sarthak_gazebo-1
2025-12-15 16:05:30,468 INFO  ExportHelperExtension.cs: 1145 - Found 0 features of type [RefAxis] in nipper_sarthak_gazebo-1
2025-12-15 16:05:30,509 INFO  ExportPropertyManager.cs: 1142 - AfterClose called. This method no longer throws an Exception. It just silently does nothing. Ok, except for this logging message
2025-12-15 16:05:43,084 INFO  AssemblyExportForm.cs: 253 - Completing URDF export
2025-12-15 16:05:43,085 INFO  ConfigurationSerialization.cs: 276 - URDF Configuration found
<Link z:Id="i1" xmlns="http://schemas.datacontract.org/2004/07/SW2URDF" xmlns:i="http://www.w3.org/2001/XMLSchema-instance" xmlns:z="http://schemas.microsoft.com/2003/10/Serialization/"><Attributes><Attribute z:Id="i2"><AttributeType>name</AttributeType><IsRequired>true</IsRequired><Value i:type="a:string" xmlns:a="http://www.w3.org/2001/XMLSchema">base_link</Value></Attribute></Attributes><ChildElements><URDFElement z:Id="i3" i:type="Inertial"><Attributes/><ChildElements><URDFElement z:Id="i4" i:type="Origin"><Attributes><Attribute z:Id="i5"><AttributeType>xyz</AttributeType><IsRequired>true</IsRequired><Value i:type="a:ArrayOfdouble" xmlns:a="http://schemas.microsoft.com/2003/10/Serialization/Arrays"><a:double>0</a:double><a:double>0</a:double><a:double>0</a:double></Value></Attribute><Attribute z:Id="i6"><AttributeType>rpy</AttributeType><IsRequired>true</IsRequired><Value i:type="a:ArrayOfdouble" xmlns:a="http://schemas.microsoft.com/2003/10/Serialization/Arrays"><a:double>0</a:double><a:double>0</a:double><a:double>0</a:double></Value></Attribute></Attributes><ChildElements/><ElementName>origin</ElementName><required>false</required><RPYAttribute z:Ref="i6"/><XYZAttribute z:Ref="i5"/><isCustomized>false</isCustomized></URDFElement><URDFElement z:Id="i7" i:type="Mass"><Attributes><Attribute z:Id="i8"><AttributeType>value</AttributeType><IsRequired>true</IsRequired><Value i:type="a:double" xmlns:a="http://www.w3.org/2001/XMLSchema">0</Value></Attribute></Attributes><ChildElements/><ElementName>mass</ElementName><required>false</required><ValueAttribute z:Ref="i8"/></URDFElement><URDFElement z:Id="i9" i:type="Inertia"><Attributes><Attribute z:Id="i10"><AttributeType>ixx</AttributeType><IsRequired>true</IsRequired><Value i:type="a:double" xmlns:a="http://www.w3.org/2001/XMLSchema">0</Value></Attribute><Attribute z:Id="i11"><AttributeType>ixy</AttributeType><IsRequired>true</IsRequired><Value i:type="a:double" xmlns:a="http://www.w3.org/2001/XMLSchema">0</Value></Attribute><Attribute z:Id="i12"><AttributeType>ixz</AttributeType><IsRequired>true</IsRequired><Value i:type="a:double" xmlns:a="http://www.w3.org/2001/XMLSchema">0</Value></Attribute><Attribute z:Id="i13"><AttributeType>iyy</AttributeType><IsRequired>true</IsRequired><Value i:type="a:double" xmlns:a="http://www.w3.org/2001/XMLSchema">0</Value></Attribute><Attribute z:Id="i14"><AttributeType>iyz</AttributeType><IsRequired>true</IsRequired><Value i:type="a:double" xmlns:a="http://www.w3.org/2001/XMLSchema">0</Value></Attribute><Attribute z:Id="i15"><AttributeType>izz</AttributeType><IsRequired>true</IsRequired><Value i:type="a:double" xmlns:a="http://www.w3.org/2001/XMLSchema">0</Value></Attribute></Attributes><ChildElements/><ElementName>inertia</ElementName><required>false</required><IxxAttribute z:Ref="i10"/><IxyAttribute z:Ref="i11"/><IxzAttribute z:Ref="i12"/><IyyAttribute z:Ref="i13"/><IyzAttribute z:Ref="i14"/><IzzAttribute z:Ref="i15"/></URDFElement></ChildElements><ElementName>inertial</ElementName><required>false</required><Inertia z:Ref="i9"/><Mass z:Ref="i7"/><Origin z:Ref="i4"/></URDFElement><URDFElement z:Id="i16" i:type="Visual"><Attributes/><ChildElements><URDFElement z:Id="i17" i:type="Origin"><Attributes><Attribute z:Id="i18"><AttributeType>xyz</AttributeType><IsRequired>true</IsRequired><Value i:type="a:ArrayOfdouble" xmlns:a="http://schemas.microsoft.com/2003/10/Serialization/Arrays"><a:double>0</a:double><a:double>0</a:double><a:double>0</a:double></Value></Attribute><Attribute z:Id="i19"><AttributeType>rpy</AttributeType><IsRequired>true</IsRequired><Value i:type="a:ArrayOfdouble" xmlns:a="http://schemas.microsoft.com/2003/10/Serialization/Arrays"><a:double>0</a:double><a:double>0</a:double><a:double>0</a:double></Value></Attribute></Attributes><ChildElements/><ElementName>origin</ElementName><required>false</required><RPYAttribute z:Ref="i19"/><XYZAttribute z:Ref="i18"/><isCustomized>false</isCustomized></URDFElement><URDFElement z:Id="i20" i:type="Geometry"><Attributes/><ChildElements><URDFElement z:Id="i21" i:type="Mesh"><Attributes><Attribute z:Id="i22"><AttributeType>filename</AttributeType><IsRequired>true</IsRequired><Value i:nil="true"/></Attribute></Attributes><ChildElements/><ElementName>mesh</ElementName><required>false</required><FilenameAttribute z:Ref="i22"/></URDFElement></ChildElements><ElementName>geometry</ElementName><required>true</required><Mesh z:Ref="i21"/></URDFElement><URDFElement z:Id="i23" i:type="Material"><Attributes><Attribute z:Id="i24"><AttributeType>name</AttributeType><IsRequired>true</IsRequired><Value i:type="a:string" xmlns:a="http://www.w3.org/2001/XMLSchema"/></Attribute></Attributes><ChildElements><URDFElement z:Id="i25" i:type="Color"><Attributes><Attribute z:Id="i26"><AttributeType>rgba</AttributeType><IsRequired>true</IsRequired><Value i:type="a:ArrayOfdouble" xmlns:a="http://schemas.microsoft.com/2003/10/Serialization/Arrays"><a:double>1</a:double><a:double>1</a:double><a:double>1</a:double><a:double>1</a:double></Value></Attribute></Attributes><ChildElements/><ElementName>color</ElementName><required>false</required><RGBAAttribute z:Ref="i26"/></URDFElement><URDFElement z:Id="i27" i:type="Texture"><Attributes><Attribute z:Id="i28"><AttributeType>filename</AttributeType><IsRequired>true</IsRequired><Value i:nil="true"/></Attribute></Attributes><ChildElements/><ElementName>texture</ElementName><required>false</required><FilenameAttribute z:Ref="i28"/><wFilename/></URDFElement></ChildElements><ElementName>material</ElementName><required>false</required><Color z:Ref="i25"/><NameAttribute z:Ref="i24"/><Texture z:Ref="i27"/></URDFElement></ChildElements><ElementName>visual</ElementName><required>false</required><Geometry z:Ref="i20"/><Material z:Ref="i23"/><Origin z:Ref="i17"/></URDFElement><URDFElement z:Id="i29" i:type="Collision"><Attributes/><ChildElements><URDFElement z:Id="i30" i:type="Origin"><Attributes><Attribute z:Id="i31"><AttributeType>xyz</AttributeType><IsRequired>true</IsRequired><Value i:type="a:ArrayOfdouble" xmlns:a="http://schemas.microsoft.com/2003/10/Serialization/Arrays"><a:double>0</a:double><a:double>0</a:double><a:double>0</a:double></Value></Attribute><Attribute z:Id="i32"><AttributeType>rpy</AttributeType><IsRequired>true</IsRequired><Value i:type="a:ArrayOfdouble" xmlns:a="http://schemas.microsoft.com/2003/10/Serialization/Arrays"><a:double>0</a:double><a:double>0</a:double><a:double>0</a:double></Value></Attribute></Attributes><ChildElements/><ElementName>origin</ElementName><required>false</required><RPYAttribute z:Ref="i32"/><XYZAttribute z:Ref="i31"/><isCustomized>false</isCustomized></URDFElement><URDFElement z:Id="i33" i:type="Geometry"><Attributes/><ChildElements><URDFElement z:Id="i34" i:type="Mesh"><Attributes><Attribute z:Id="i35"><AttributeType>filename</AttributeType><IsRequired>true</IsRequired><Value i:nil="true"/></Attribute></Attributes><ChildElements/><ElementName>mesh</ElementName><required>false</required><FilenameAttribute z:Ref="i35"/></URDFElement></ChildElements><ElementName>geometry</ElementName><required>true</required><Mesh z:Ref="i34"/></URDFElement></ChildElements><ElementName>collision</ElementName><required>false</required><Geometry z:Ref="i33"/><Origin z:Ref="i30"/></URDFElement><URDFElement z:Id="i36" i:type="Joint"><Attributes><Attribute z:Id="i37"><AttributeType>name</AttributeType><IsRequired>true</IsRequired><Value i:type="a:string" xmlns:a="http://www.w3.org/2001/XMLSchema"/></Attribute><Attribute z:Id="i38"><AttributeType>type</AttributeType><IsRequired>true</IsRequired><Value i:type="a:string" xmlns:a="http://www.w3.org/2001/XMLSchema"/></Attribute></Attributes><ChildElements><URDFElement z:Id="i39" i:type="Origin"><Attributes><Attribute z:Id="i40"><AttributeType>xyz</AttributeType><IsRequired>true</IsRequired><Value i:type="a:ArrayOfdouble" xmlns:a="http://schemas.microsoft.com/2003/10/Serialization/Arrays"><a:double>0</a:double><a:double>0</a:double><a:double>0</a:double></Value></Attribute><Attribute z:Id="i41"><AttributeType>rpy</AttributeType><IsRequired>true</IsRequired><Value i:type="a:ArrayOfdouble" xmlns:a="http://schemas.microsoft.com/2003/10/Serialization/Arrays"><a:double>0</a:double><a:double>0</a:double><a:double>0</a:double></Value></Attribute></Attributes><ChildElements/><ElementName>origin</ElementName><required>false</required><RPYAttribute z:Ref="i41"/><XYZAttribute z:Ref="i40"/><isCustomized>false</isCustomized></URDFElement><URDFElement z:Id="i42" i:type="ParentLink"><Attributes><Attribute z:Id="i43"><AttributeType>link</AttributeType><IsRequired>true</IsRequired><Value i:type="a:string" xmlns:a="http://www.w3.org/2001/XMLSchema"/></Attribute></Attributes><ChildElements/><ElementName>parent</ElementName><required>true</required><NameAttribute z:Ref="i43"/></URDFElement><URDFElement z:Id="i44" i:type="ChildLink"><Attributes><Attribute z:Id="i45"><AttributeType>link</AttributeType><IsRequired>true</IsRequired><Value i:type="a:string" xmlns:a="http://www.w3.org/2001/XMLSchema"/></Attribute></Attributes><ChildElements/><ElementName>child</ElementName><required>true</required><NameAttribute z:Ref="i45"/></URDFElement><URDFElement z:Id="i46" i:type="Axis"><Attributes><Attribute z:Id="i47"><AttributeType>xyz</AttributeType><IsRequired>true</IsRequired><Value i:type="a:ArrayOfdouble" xmlns:a="http://schemas.microsoft.com/2003/10/Serialization/Arrays"><a:double>0</a:double><a:double>0</a:double><a:double>0</a:double></Value></Attribute></Attributes><ChildElements/><ElementName>axis</ElementName><required>false</required><XYZAttribute z:Ref="i47"/></URDFElement><URDFElement z:Id="i48" i:type="Limit"><Attributes><Attribute z:Id="i49"><AttributeType>lower</AttributeType><IsRequired>false</IsRequired><Value i:nil="true"/></Attribute><Attribute z:Id="i50"><AttributeType>upper</AttributeType><IsRequired>false</IsRequired><Value i:nil="true"/></Attribute><Attribute z:Id="i51"><AttributeType>effort</AttributeType><IsRequired>true</IsRequired><Value i:nil="true"/></Attribute><Attribute z:Id="i52"><AttributeType>velocity</AttributeType><IsRequired>true</IsRequired><Value i:nil="true"/></Attribute></Attributes><ChildElements/><ElementName>limit</ElementName><required>false</required><EffortAttribute z:Ref="i51"/><LowerAttribute z:Ref="i49"/><UpperAttribute z:Ref="i50"/><VelocityAttribute z:Ref="i52"/></URDFElement><URDFElement z:Id="i53" i:type="Calibration"><Attributes><Attribute z:Id="i54"><AttributeType>rising</AttributeType><IsRequired>false</IsRequired><Value i:nil="true"/></Attribute><Attribute z:Id="i55"><AttributeType>falling</AttributeType><IsRequired>false</IsRequired><Value i:nil="true"/></Attribute></Attributes><ChildElements/><ElementName>calibration</ElementName><required>false</required><FallingAttribute z:Ref="i55"/><RisingAttribute z:Ref="i54"/></URDFElement><URDFElement z:Id="i56" i:type="Dynamics"><Attributes><Attribute z:Id="i57"><AttributeType>damping</AttributeType><IsRequired>false</IsRequired><Value i:nil="true"/></Attribute><Attribute z:Id="i58"><AttributeType>friction</AttributeType><IsRequired>false</IsRequired><Value i:nil="true"/></Attribute></Attributes><ChildElements/><ElementName>dynamics</ElementName><required>false</required><DampingAttribute z:Ref="i57"/><FrictionAttribute z:Ref="i58"/></URDFElement><URDFElement z:Id="i59" i:type="SafetyController"><Attributes><Attribute z:Id="i60"><AttributeType>soft_upper_limit</AttributeType><IsRequired>false</IsRequired><Value i:nil="true"/></Attribute><Attribute z:Id="i61"><AttributeType>soft_lower_limit</AttributeType><IsRequired>false</IsRequired><Value i:nil="true"/></Attribute><Attribute z:Id="i62"><AttributeType>k_position</AttributeType><IsRequired>false</IsRequired><Value i:nil="true"/></Attribute><Attribute z:Id="i63"><AttributeType>k_velocity</AttributeType><IsRequired>true</IsRequired><Value i:nil="true"/></Attribute></Attributes><ChildElements/><ElementName>safety_controller</ElementName><required>false</required><KPositionAttribute z:Ref="i62"/><KVelocityAttribute z:Ref="i63"/><SoftLowerAttribute z:Ref="i61"/><SoftUpperAttribute z:Ref="i60"/></URDFElement><URDFElement z:Id="i64" i:type="Mimic"><Attributes><Attribute z:Id="i65"><AttributeType>joint</AttributeType><IsRequired>true</IsRequired><Value i:nil="true"/></Attribute><Attribute z:Id="i66"><AttributeType>multiplier</AttributeType><IsRequired>false</IsRequired><Value i:nil="true"/></Attribute><Attribute z:Id="i67"><AttributeType>offset</AttributeType><IsRequired>false</IsRequired><Value i:nil="true"/></Attribute></Attributes><ChildElements/><ElementName>mimic</ElementName><required>false</required><JointNameAttribute z:Ref="i65"/><MultiplierAttribute z:Ref="i66"/><OffsetAttribute z:Ref="i67"/></URDFElement></ChildElements><ElementName>joint</ElementName><required>false</required><Axis z:Ref="i46"/><AxisName/><Calibration z:Ref="i53"/><Child z:Ref="i44"/><CoordinateSystemName>Automatically Generate</CoordinateSystemName><Dynamics z:Ref="i56"/><Limit z:Ref="i48"/><Mimic z:Ref="i64"/><NameAttribute z:Ref="i37"/><Origin z:Ref="i39"/><Parent z:Ref="i42"/><Safety z:Ref="i59"/><TypeAttribute z:Ref="i38"/></URDFElement></ChildElements><ElementName>link</ElementName><required>true</required><Children/><Collision z:Ref="i29"/><Inertial z:Ref="i3"/><Joint z:Ref="i36"/><NameAttribute z:Ref="i2"/><Parent i:nil="true"/><STLQualityFine>false</STLQualityFine><SWComponentPIDs xmlns:a="http://schemas.microsoft.com/2003/10/Serialization/Arrays"><a:base64Binary>UEYAAAUAAAD//v8tbgBpAHAAcABlAHIAXwBzAGEAcgB0AGgAYQBrAF8AZwBhAHoAZQBiAG8ALQAxAEAAbgBpAHAAcABlAHIAXwBzAGEAcgB0AGgAYQBrAF8AZwBhAHoAZQBiAG8ABAAAABAAAAABAAAAAQAAABgAAAA=</a:base64Binary></SWComponentPIDs><SWMainComponentPID i:nil="true"/><Visual z:Ref="i16"/><isFixedFrame>false</isFixedFrame><isIncomplete>false</isIncomplete></Link>
2025-12-15 16:06:14,061 INFO  AssemblyExportForm.cs: 309 - Saving URDF package to C:\Users\sarth\OneDrive\Desktop\nipper_sarthak_gazebo_axis_correction
2025-12-15 16:06:14,061 INFO  ExportHelper.cs: 147 - Beginning the export process
2025-12-15 16:06:14,065 INFO  ExportHelper.cs: 153 - Creating package directories with name nipper_sarthak_gazebo_axis_correction and save path C:\Users\sarth\OneDrive\Desktop
2025-12-15 16:06:15,447 INFO  ExportHelper.cs: 162 - Creating CMakeLists.txt at C:\Users\sarth\OneDrive\Desktop\nipper_sarthak_gazebo_axis_correction\CMakeLists.txt
2025-12-15 16:06:15,448 INFO  ExportHelper.cs: 166 - Creating joint names config at C:\Users\sarth\OneDrive\Desktop\nipper_sarthak_gazebo_axis_correction\config\joint_names_nipper_sarthak_gazebo_axis_correction.yaml
2025-12-15 16:06:15,448 INFO  ExportHelper.cs: 170 - Creating package.xml at C:\Users\sarth\OneDrive\Desktop\nipper_sarthak_gazebo_axis_correction\package.xml
2025-12-15 16:06:15,448 INFO  PackageXMLWriter.cs: 21 - Creating package.xml at C:\Users\sarth\OneDrive\Desktop\nipper_sarthak_gazebo_axis_correction\package.xml
2025-12-15 16:06:15,449 INFO  ExportHelper.cs: 177 - Creating RVIZ launch file in C:\Users\sarth\OneDrive\Desktop\nipper_sarthak_gazebo_axis_correction\launch\
2025-12-15 16:06:15,450 INFO  ExportHelper.cs: 182 - Creating Gazebo launch file in C:\Users\sarth\OneDrive\Desktop\nipper_sarthak_gazebo_axis_correction\launch\
2025-12-15 16:06:15,450 INFO  ExportHelper.cs: 187 - Saving existing STL preferences
2025-12-15 16:06:15,451 INFO  ExportHelper.cs: 450 - Saving users preferences
2025-12-15 16:06:15,451 INFO  ExportHelper.cs: 190 - Modifying STL preferences
2025-12-15 16:06:15,451 INFO  ExportHelper.cs: 464 - Setting STL preferences
2025-12-15 16:06:15,452 INFO  ExportHelper.cs: 196 - Found 0 hidden components 
2025-12-15 16:06:15,452 INFO  ExportHelper.cs: 197 - Hiding all components
2025-12-15 16:06:15,596 INFO  ExportHelper.cs: 204 - Beginning individual files export
2025-12-15 16:06:15,600 INFO  ExportHelper.cs: 270 - Exporting link: base_link
2025-12-15 16:06:15,600 INFO  ExportHelper.cs: 272 - Link base_link has 0 children
2025-12-15 16:06:15,600 INFO  ExportHelper.cs: 317 - base_link: Exporting STL with coordinate frame Origin_global
2025-12-15 16:06:15,601 INFO  ExportHelper.cs: 322 - base_link: Reference geometry name 
2025-12-15 16:06:15,718 INFO  ExportHelper.cs: 330 - Saving STL to C:\Users\sarth\OneDrive\Desktop\nipper_sarthak_gazebo_axis_correction\meshes\base_link.STL
2025-12-15 16:06:15,823 INFO  ExportHelper.cs: 405 - Removing SW header in STL file
2025-12-15 16:06:15,824 INFO  ExportHelper.cs: 145 - Showing all components except previously hidden components
2025-12-15 16:06:15,945 INFO  ExportHelper.cs: 145 - Resetting STL preferences
2025-12-15 16:06:15,946 INFO  ExportHelper.cs: 478 - Returning STL preferences to user preferences
2025-12-15 16:06:15,946 INFO  ExportHelper.cs: 228 - Writing URDF file to C:\Users\sarth\OneDrive\Desktop\nipper_sarthak_gazebo_axis_correction\urdf\nipper_sarthak_gazebo_axis_correction.urdf
2025-12-15 16:06:15,948 INFO  CSVImportExport.cs: 32 - Writing CSV file C:\Users\sarth\OneDrive\Desktop\nipper_sarthak_gazebo_axis_correction\urdf\nipper_sarthak_gazebo_axis_correction.csv
2025-12-15 16:06:15,949 ERROR CSVImportExport.cs: 130 - The following columns were not written to the CSV: Link.Joint.ChildLink.link,
2025-12-15 16:06:15,950 INFO  ExportHelper.cs: 234 - Copying log file
2025-12-15 16:06:15,950 INFO  ExportHelper.cs: 439 - Copying C:\Users\sarth\sw2urdf_logs\sw2urdf.log to C:\Users\sarth\OneDrive\Desktop\nipper_sarthak_gazebo_axis_correction\export.log
